
##################################################
                                                 #
Your current storage usage is [33m4[0m % out of [33m1946G[0m  #
                                                 #
##################################################

sending incremental file list
./
LICENSE.md
README.md
fastqc.sh
hpc.sh
mail
multiqc.sh
snakemake_qiime.sh
config/
config/config.yaml
config/some_sheet.tsv
data/
data/16s_classifier.qza
data/16s_file_metadata_template.tsv
data/16s_sample_metadata_file.tsv
data/ITS_classifier.qza
data/ITS_file_metadata_template.tsv
data/ITS_sample_metadata_file.tsv
data/create_16s_file_metadata_from_template.sh
data/create_ITS_file_metadata_from_template.sh
data/readme_classifer
data/unite_ver10_dynamic_04.04.2024-Q2-2024.2.qza
data/4a60326e-86c0-49ef-85fc-5b0ca770b178/
data/4a60326e-86c0-49ef-85fc-5b0ca770b178/VERSION
data/4a60326e-86c0-49ef-85fc-5b0ca770b178/checksums.md5
data/4a60326e-86c0-49ef-85fc-5b0ca770b178/metadata.yaml
data/4a60326e-86c0-49ef-85fc-5b0ca770b178/data/
data/4a60326e-86c0-49ef-85fc-5b0ca770b178/data/sklearn_pipeline.pkl
data/4a60326e-86c0-49ef-85fc-5b0ca770b178/data/sklearn_pipeline.tar
data/4a60326e-86c0-49ef-85fc-5b0ca770b178/data/sklearn_version.json
data/4a60326e-86c0-49ef-85fc-5b0ca770b178/provenance/
data/4a60326e-86c0-49ef-85fc-5b0ca770b178/provenance/VERSION
data/4a60326e-86c0-49ef-85fc-5b0ca770b178/provenance/citations.bib
data/4a60326e-86c0-49ef-85fc-5b0ca770b178/provenance/metadata.yaml
data/4a60326e-86c0-49ef-85fc-5b0ca770b178/provenance/action/
data/4a60326e-86c0-49ef-85fc-5b0ca770b178/provenance/action/action.yaml
data/4a60326e-86c0-49ef-85fc-5b0ca770b178/provenance/artifacts/
data/4a60326e-86c0-49ef-85fc-5b0ca770b178/provenance/artifacts/a3ada7fd-367f-4ab5-9fb5-0b3bc2e0f4d4/
data/4a60326e-86c0-49ef-85fc-5b0ca770b178/provenance/artifacts/a3ada7fd-367f-4ab5-9fb5-0b3bc2e0f4d4/VERSION
data/4a60326e-86c0-49ef-85fc-5b0ca770b178/provenance/artifacts/a3ada7fd-367f-4ab5-9fb5-0b3bc2e0f4d4/citations.bib
data/4a60326e-86c0-49ef-85fc-5b0ca770b178/provenance/artifacts/a3ada7fd-367f-4ab5-9fb5-0b3bc2e0f4d4/metadata.yaml
data/4a60326e-86c0-49ef-85fc-5b0ca770b178/provenance/artifacts/a3ada7fd-367f-4ab5-9fb5-0b3bc2e0f4d4/action/
data/4a60326e-86c0-49ef-85fc-5b0ca770b178/provenance/artifacts/a3ada7fd-367f-4ab5-9fb5-0b3bc2e0f4d4/action/action.yaml
data/4a60326e-86c0-49ef-85fc-5b0ca770b178/provenance/artifacts/f77cf9f2-2925-4c89-852b-00182516ddad/
data/4a60326e-86c0-49ef-85fc-5b0ca770b178/provenance/artifacts/f77cf9f2-2925-4c89-852b-00182516ddad/VERSION
data/4a60326e-86c0-49ef-85fc-5b0ca770b178/provenance/artifacts/f77cf9f2-2925-4c89-852b-00182516ddad/citations.bib
data/4a60326e-86c0-49ef-85fc-5b0ca770b178/provenance/artifacts/f77cf9f2-2925-4c89-852b-00182516ddad/metadata.yaml
data/4a60326e-86c0-49ef-85fc-5b0ca770b178/provenance/artifacts/f77cf9f2-2925-4c89-852b-00182516ddad/action/
data/4a60326e-86c0-49ef-85fc-5b0ca770b178/provenance/artifacts/f77cf9f2-2925-4c89-852b-00182516ddad/action/action.yaml
data/samples/
data/samples/16s/
data/samples/16s/.gitkeep
data/samples/ITS/
data/samples/ITS/.gitkeep
resources/
resources/.gitkeep
workflow/
workflow/Snakefile
workflow/envs/
workflow/envs/tool1.yaml
workflow/envs/tool2.yaml
workflow/notebooks/
workflow/notebooks/notebook1.py.ipynb
workflow/notebooks/notebook2.r.ipynb
workflow/report/
workflow/report/plot1.rst
workflow/report/plot2.rst
workflow/rules/
workflow/rules/module1.smk
workflow/rules/module2.smk
workflow/scripts/
workflow/scripts/combine_ancom_res.py
workflow/scripts/create_venn_table.py
workflow/scripts/extract_qiime_qz_v_a.py
workflow/scripts/script.R
workflow/scripts/script1.py

sent 8,900,374,376 bytes  received 1,153 bytes  413,970,954.84 bytes/sec
total size is 8,898,197,260  speedup is 1.00
Processing sample391_AU294
Processing sample390_AU293
Processing sample392_AU295
Processing sample393_AU296
Processing sample394_AU297
Processing sample395_AU298
Processing sample396_AU299
Processing sample397_AU300
Processing sample398_AU301
Processing sample399_AU302
Processing sample400_AU303
Processing sample401_AU304
Processing sample402_AU305
Processing sample403_AU306
Processing sample404_AU307
Processing sample405_AU308
Processing sample406_AU309
Processing sample407_AU310
Processing sample408_AU311
Processing sample409_AU312
Processing sample410_AU313
Processing sample411_AU314
Processing sample412_AU315
Processing sample413_AU316
Processing sample414_AU317
Processing sample415_AU318
Processing sample416_AU319
Processing sample417_AU320
Processing sample418_AU321
Processing sample419_AU322
Processing sample420_AU323
Processing sample421_AU324
? Processed 32 samples (64 files)
?? Output: ./analysis_files/
? Manifest written to: ./analysis_datasets/9/qiime_manifest.tsv
? Done.
? Sample metadata: ./analysis_datasets/9/sample_metadata.tsv
? Done.
? Amplicon metadata: ./analysis_datasets/9/amplicon_metadata.tsv
? Done.
✅ Linked 32 samples (64 files)
📁 Output: ./analysis_datasets/9/analysis_unit_files
Copied ./analysis_datasets/9/qiime_manifest.tsv -> ./pipeline_runs/dataset_9/data/16s_file_metadata.tsv
Copied ./analysis_datasets/9/sample_metadata.tsv -> ./pipeline_runs/dataset_9/data/16s_sample_metadata_file.tsv
Copied ./analysis_datasets/9/amplicon_metadata.tsv -> ./pipeline_runs/dataset_9/amplicon_metadata.tsv
/home/ARO.local/michaelr/Projects/db_collab_github/ARD_DB_tools/pipeline_runs/dataset_9/data/samples/16s/sample390_AU293_R1.fastq.gz
Linked /home/ARO.local/michaelr/Projects/db_collab_github/ARD_DB_tools/analysis_files/sample390_AU293_R1.fastq.gz -> /home/ARO.local/michaelr/Projects/db_collab_github/ARD_DB_tools/pipeline_runs/dataset_9/data/samples/16s/sample390_AU293_R1.fastq.gz
/home/ARO.local/michaelr/Projects/db_collab_github/ARD_DB_tools/pipeline_runs/dataset_9/data/samples/16s/sample390_AU293_R2.fastq.gz
Linked /home/ARO.local/michaelr/Projects/db_collab_github/ARD_DB_tools/analysis_files/sample390_AU293_R2.fastq.gz -> /home/ARO.local/michaelr/Projects/db_collab_github/ARD_DB_tools/pipeline_runs/dataset_9/data/samples/16s/sample390_AU293_R2.fastq.gz
/home/ARO.local/michaelr/Projects/db_collab_github/ARD_DB_tools/pipeline_runs/dataset_9/data/samples/16s/sample391_AU294_R1.fastq.gz
Linked /home/ARO.local/michaelr/Projects/db_collab_github/ARD_DB_tools/analysis_files/sample391_AU294_R1.fastq.gz -> /home/ARO.local/michaelr/Projects/db_collab_github/ARD_DB_tools/pipeline_runs/dataset_9/data/samples/16s/sample391_AU294_R1.fastq.gz
/home/ARO.local/michaelr/Projects/db_collab_github/ARD_DB_tools/pipeline_runs/dataset_9/data/samples/16s/sample391_AU294_R2.fastq.gz
Linked /home/ARO.local/michaelr/Projects/db_collab_github/ARD_DB_tools/analysis_files/sample391_AU294_R2.fastq.gz -> /home/ARO.local/michaelr/Projects/db_collab_github/ARD_DB_tools/pipeline_runs/dataset_9/data/samples/16s/sample391_AU294_R2.fastq.gz
/home/ARO.local/michaelr/Projects/db_collab_github/ARD_DB_tools/pipeline_runs/dataset_9/data/samples/16s/sample392_AU295_R1.fastq.gz
Linked /home/ARO.local/michaelr/Projects/db_collab_github/ARD_DB_tools/analysis_files/sample392_AU295_R1.fastq.gz -> /home/ARO.local/michaelr/Projects/db_collab_github/ARD_DB_tools/pipeline_runs/dataset_9/data/samples/16s/sample392_AU295_R1.fastq.gz
/home/ARO.local/michaelr/Projects/db_collab_github/ARD_DB_tools/pipeline_runs/dataset_9/data/samples/16s/sample392_AU295_R2.fastq.gz
Linked /home/ARO.local/michaelr/Projects/db_collab_github/ARD_DB_tools/analysis_files/sample392_AU295_R2.fastq.gz -> /home/ARO.local/michaelr/Projects/db_collab_github/ARD_DB_tools/pipeline_runs/dataset_9/data/samples/16s/sample392_AU295_R2.fastq.gz
/home/ARO.local/michaelr/Projects/db_collab_github/ARD_DB_tools/pipeline_runs/dataset_9/data/samples/16s/sample393_AU296_R1.fastq.gz
Linked /home/ARO.local/michaelr/Projects/db_collab_github/ARD_DB_tools/analysis_files/sample393_AU296_R1.fastq.gz -> /home/ARO.local/michaelr/Projects/db_collab_github/ARD_DB_tools/pipeline_runs/dataset_9/data/samples/16s/sample393_AU296_R1.fastq.gz
/home/ARO.local/michaelr/Projects/db_collab_github/ARD_DB_tools/pipeline_runs/dataset_9/data/samples/16s/sample393_AU296_R2.fastq.gz
Linked /home/ARO.local/michaelr/Projects/db_collab_github/ARD_DB_tools/analysis_files/sample393_AU296_R2.fastq.gz -> /home/ARO.local/michaelr/Projects/db_collab_github/ARD_DB_tools/pipeline_runs/dataset_9/data/samples/16s/sample393_AU296_R2.fastq.gz
/home/ARO.local/michaelr/Projects/db_collab_github/ARD_DB_tools/pipeline_runs/dataset_9/data/samples/16s/sample394_AU297_R1.fastq.gz
Linked /home/ARO.local/michaelr/Projects/db_collab_github/ARD_DB_tools/analysis_files/sample394_AU297_R1.fastq.gz -> /home/ARO.local/michaelr/Projects/db_collab_github/ARD_DB_tools/pipeline_runs/dataset_9/data/samples/16s/sample394_AU297_R1.fastq.gz
/home/ARO.local/michaelr/Projects/db_collab_github/ARD_DB_tools/pipeline_runs/dataset_9/data/samples/16s/sample394_AU297_R2.fastq.gz
Linked /home/ARO.local/michaelr/Projects/db_collab_github/ARD_DB_tools/analysis_files/sample394_AU297_R2.fastq.gz -> /home/ARO.local/michaelr/Projects/db_collab_github/ARD_DB_tools/pipeline_runs/dataset_9/data/samples/16s/sample394_AU297_R2.fastq.gz
/home/ARO.local/michaelr/Projects/db_collab_github/ARD_DB_tools/pipeline_runs/dataset_9/data/samples/16s/sample395_AU298_R1.fastq.gz
Linked /home/ARO.local/michaelr/Projects/db_collab_github/ARD_DB_tools/analysis_files/sample395_AU298_R1.fastq.gz -> /home/ARO.local/michaelr/Projects/db_collab_github/ARD_DB_tools/pipeline_runs/dataset_9/data/samples/16s/sample395_AU298_R1.fastq.gz
/home/ARO.local/michaelr/Projects/db_collab_github/ARD_DB_tools/pipeline_runs/dataset_9/data/samples/16s/sample395_AU298_R2.fastq.gz
Linked /home/ARO.local/michaelr/Projects/db_collab_github/ARD_DB_tools/analysis_files/sample395_AU298_R2.fastq.gz -> /home/ARO.local/michaelr/Projects/db_collab_github/ARD_DB_tools/pipeline_runs/dataset_9/data/samples/16s/sample395_AU298_R2.fastq.gz
/home/ARO.local/michaelr/Projects/db_collab_github/ARD_DB_tools/pipeline_runs/dataset_9/data/samples/16s/sample396_AU299_R1.fastq.gz
Linked /home/ARO.local/michaelr/Projects/db_collab_github/ARD_DB_tools/analysis_files/sample396_AU299_R1.fastq.gz -> /home/ARO.local/michaelr/Projects/db_collab_github/ARD_DB_tools/pipeline_runs/dataset_9/data/samples/16s/sample396_AU299_R1.fastq.gz
/home/ARO.local/michaelr/Projects/db_collab_github/ARD_DB_tools/pipeline_runs/dataset_9/data/samples/16s/sample396_AU299_R2.fastq.gz
Linked /home/ARO.local/michaelr/Projects/db_collab_github/ARD_DB_tools/analysis_files/sample396_AU299_R2.fastq.gz -> /home/ARO.local/michaelr/Projects/db_collab_github/ARD_DB_tools/pipeline_runs/dataset_9/data/samples/16s/sample396_AU299_R2.fastq.gz
/home/ARO.local/michaelr/Projects/db_collab_github/ARD_DB_tools/pipeline_runs/dataset_9/data/samples/16s/sample397_AU300_R1.fastq.gz
Linked /home/ARO.local/michaelr/Projects/db_collab_github/ARD_DB_tools/analysis_files/sample397_AU300_R1.fastq.gz -> /home/ARO.local/michaelr/Projects/db_collab_github/ARD_DB_tools/pipeline_runs/dataset_9/data/samples/16s/sample397_AU300_R1.fastq.gz
/home/ARO.local/michaelr/Projects/db_collab_github/ARD_DB_tools/pipeline_runs/dataset_9/data/samples/16s/sample397_AU300_R2.fastq.gz
Linked /home/ARO.local/michaelr/Projects/db_collab_github/ARD_DB_tools/analysis_files/sample397_AU300_R2.fastq.gz -> /home/ARO.local/michaelr/Projects/db_collab_github/ARD_DB_tools/pipeline_runs/dataset_9/data/samples/16s/sample397_AU300_R2.fastq.gz
/home/ARO.local/michaelr/Projects/db_collab_github/ARD_DB_tools/pipeline_runs/dataset_9/data/samples/16s/sample398_AU301_R1.fastq.gz
Linked /home/ARO.local/michaelr/Projects/db_collab_github/ARD_DB_tools/analysis_files/sample398_AU301_R1.fastq.gz -> /home/ARO.local/michaelr/Projects/db_collab_github/ARD_DB_tools/pipeline_runs/dataset_9/data/samples/16s/sample398_AU301_R1.fastq.gz
/home/ARO.local/michaelr/Projects/db_collab_github/ARD_DB_tools/pipeline_runs/dataset_9/data/samples/16s/sample398_AU301_R2.fastq.gz
Linked /home/ARO.local/michaelr/Projects/db_collab_github/ARD_DB_tools/analysis_files/sample398_AU301_R2.fastq.gz -> /home/ARO.local/michaelr/Projects/db_collab_github/ARD_DB_tools/pipeline_runs/dataset_9/data/samples/16s/sample398_AU301_R2.fastq.gz
/home/ARO.local/michaelr/Projects/db_collab_github/ARD_DB_tools/pipeline_runs/dataset_9/data/samples/16s/sample399_AU302_R1.fastq.gz
Linked /home/ARO.local/michaelr/Projects/db_collab_github/ARD_DB_tools/analysis_files/sample399_AU302_R1.fastq.gz -> /home/ARO.local/michaelr/Projects/db_collab_github/ARD_DB_tools/pipeline_runs/dataset_9/data/samples/16s/sample399_AU302_R1.fastq.gz
/home/ARO.local/michaelr/Projects/db_collab_github/ARD_DB_tools/pipeline_runs/dataset_9/data/samples/16s/sample399_AU302_R2.fastq.gz
Linked /home/ARO.local/michaelr/Projects/db_collab_github/ARD_DB_tools/analysis_files/sample399_AU302_R2.fastq.gz -> /home/ARO.local/michaelr/Projects/db_collab_github/ARD_DB_tools/pipeline_runs/dataset_9/data/samples/16s/sample399_AU302_R2.fastq.gz
/home/ARO.local/michaelr/Projects/db_collab_github/ARD_DB_tools/pipeline_runs/dataset_9/data/samples/16s/sample400_AU303_R1.fastq.gz
Linked /home/ARO.local/michaelr/Projects/db_collab_github/ARD_DB_tools/analysis_files/sample400_AU303_R1.fastq.gz -> /home/ARO.local/michaelr/Projects/db_collab_github/ARD_DB_tools/pipeline_runs/dataset_9/data/samples/16s/sample400_AU303_R1.fastq.gz
/home/ARO.local/michaelr/Projects/db_collab_github/ARD_DB_tools/pipeline_runs/dataset_9/data/samples/16s/sample400_AU303_R2.fastq.gz
Linked /home/ARO.local/michaelr/Projects/db_collab_github/ARD_DB_tools/analysis_files/sample400_AU303_R2.fastq.gz -> /home/ARO.local/michaelr/Projects/db_collab_github/ARD_DB_tools/pipeline_runs/dataset_9/data/samples/16s/sample400_AU303_R2.fastq.gz
/home/ARO.local/michaelr/Projects/db_collab_github/ARD_DB_tools/pipeline_runs/dataset_9/data/samples/16s/sample401_AU304_R1.fastq.gz
Linked /home/ARO.local/michaelr/Projects/db_collab_github/ARD_DB_tools/analysis_files/sample401_AU304_R1.fastq.gz -> /home/ARO.local/michaelr/Projects/db_collab_github/ARD_DB_tools/pipeline_runs/dataset_9/data/samples/16s/sample401_AU304_R1.fastq.gz
/home/ARO.local/michaelr/Projects/db_collab_github/ARD_DB_tools/pipeline_runs/dataset_9/data/samples/16s/sample401_AU304_R2.fastq.gz
Linked /home/ARO.local/michaelr/Projects/db_collab_github/ARD_DB_tools/analysis_files/sample401_AU304_R2.fastq.gz -> /home/ARO.local/michaelr/Projects/db_collab_github/ARD_DB_tools/pipeline_runs/dataset_9/data/samples/16s/sample401_AU304_R2.fastq.gz
/home/ARO.local/michaelr/Projects/db_collab_github/ARD_DB_tools/pipeline_runs/dataset_9/data/samples/16s/sample402_AU305_R1.fastq.gz
Linked /home/ARO.local/michaelr/Projects/db_collab_github/ARD_DB_tools/analysis_files/sample402_AU305_R1.fastq.gz -> /home/ARO.local/michaelr/Projects/db_collab_github/ARD_DB_tools/pipeline_runs/dataset_9/data/samples/16s/sample402_AU305_R1.fastq.gz
/home/ARO.local/michaelr/Projects/db_collab_github/ARD_DB_tools/pipeline_runs/dataset_9/data/samples/16s/sample402_AU305_R2.fastq.gz
Linked /home/ARO.local/michaelr/Projects/db_collab_github/ARD_DB_tools/analysis_files/sample402_AU305_R2.fastq.gz -> /home/ARO.local/michaelr/Projects/db_collab_github/ARD_DB_tools/pipeline_runs/dataset_9/data/samples/16s/sample402_AU305_R2.fastq.gz
/home/ARO.local/michaelr/Projects/db_collab_github/ARD_DB_tools/pipeline_runs/dataset_9/data/samples/16s/sample403_AU306_R1.fastq.gz
Linked /home/ARO.local/michaelr/Projects/db_collab_github/ARD_DB_tools/analysis_files/sample403_AU306_R1.fastq.gz -> /home/ARO.local/michaelr/Projects/db_collab_github/ARD_DB_tools/pipeline_runs/dataset_9/data/samples/16s/sample403_AU306_R1.fastq.gz
/home/ARO.local/michaelr/Projects/db_collab_github/ARD_DB_tools/pipeline_runs/dataset_9/data/samples/16s/sample403_AU306_R2.fastq.gz
Linked /home/ARO.local/michaelr/Projects/db_collab_github/ARD_DB_tools/analysis_files/sample403_AU306_R2.fastq.gz -> /home/ARO.local/michaelr/Projects/db_collab_github/ARD_DB_tools/pipeline_runs/dataset_9/data/samples/16s/sample403_AU306_R2.fastq.gz
/home/ARO.local/michaelr/Projects/db_collab_github/ARD_DB_tools/pipeline_runs/dataset_9/data/samples/16s/sample404_AU307_R1.fastq.gz
Linked /home/ARO.local/michaelr/Projects/db_collab_github/ARD_DB_tools/analysis_files/sample404_AU307_R1.fastq.gz -> /home/ARO.local/michaelr/Projects/db_collab_github/ARD_DB_tools/pipeline_runs/dataset_9/data/samples/16s/sample404_AU307_R1.fastq.gz
/home/ARO.local/michaelr/Projects/db_collab_github/ARD_DB_tools/pipeline_runs/dataset_9/data/samples/16s/sample404_AU307_R2.fastq.gz
Linked /home/ARO.local/michaelr/Projects/db_collab_github/ARD_DB_tools/analysis_files/sample404_AU307_R2.fastq.gz -> /home/ARO.local/michaelr/Projects/db_collab_github/ARD_DB_tools/pipeline_runs/dataset_9/data/samples/16s/sample404_AU307_R2.fastq.gz
/home/ARO.local/michaelr/Projects/db_collab_github/ARD_DB_tools/pipeline_runs/dataset_9/data/samples/16s/sample405_AU308_R1.fastq.gz
Linked /home/ARO.local/michaelr/Projects/db_collab_github/ARD_DB_tools/analysis_files/sample405_AU308_R1.fastq.gz -> /home/ARO.local/michaelr/Projects/db_collab_github/ARD_DB_tools/pipeline_runs/dataset_9/data/samples/16s/sample405_AU308_R1.fastq.gz
/home/ARO.local/michaelr/Projects/db_collab_github/ARD_DB_tools/pipeline_runs/dataset_9/data/samples/16s/sample405_AU308_R2.fastq.gz
Linked /home/ARO.local/michaelr/Projects/db_collab_github/ARD_DB_tools/analysis_files/sample405_AU308_R2.fastq.gz -> /home/ARO.local/michaelr/Projects/db_collab_github/ARD_DB_tools/pipeline_runs/dataset_9/data/samples/16s/sample405_AU308_R2.fastq.gz
/home/ARO.local/michaelr/Projects/db_collab_github/ARD_DB_tools/pipeline_runs/dataset_9/data/samples/16s/sample406_AU309_R1.fastq.gz
Linked /home/ARO.local/michaelr/Projects/db_collab_github/ARD_DB_tools/analysis_files/sample406_AU309_R1.fastq.gz -> /home/ARO.local/michaelr/Projects/db_collab_github/ARD_DB_tools/pipeline_runs/dataset_9/data/samples/16s/sample406_AU309_R1.fastq.gz
/home/ARO.local/michaelr/Projects/db_collab_github/ARD_DB_tools/pipeline_runs/dataset_9/data/samples/16s/sample406_AU309_R2.fastq.gz
Linked /home/ARO.local/michaelr/Projects/db_collab_github/ARD_DB_tools/analysis_files/sample406_AU309_R2.fastq.gz -> /home/ARO.local/michaelr/Projects/db_collab_github/ARD_DB_tools/pipeline_runs/dataset_9/data/samples/16s/sample406_AU309_R2.fastq.gz
/home/ARO.local/michaelr/Projects/db_collab_github/ARD_DB_tools/pipeline_runs/dataset_9/data/samples/16s/sample407_AU310_R1.fastq.gz
Linked /home/ARO.local/michaelr/Projects/db_collab_github/ARD_DB_tools/analysis_files/sample407_AU310_R1.fastq.gz -> /home/ARO.local/michaelr/Projects/db_collab_github/ARD_DB_tools/pipeline_runs/dataset_9/data/samples/16s/sample407_AU310_R1.fastq.gz
/home/ARO.local/michaelr/Projects/db_collab_github/ARD_DB_tools/pipeline_runs/dataset_9/data/samples/16s/sample407_AU310_R2.fastq.gz
Linked /home/ARO.local/michaelr/Projects/db_collab_github/ARD_DB_tools/analysis_files/sample407_AU310_R2.fastq.gz -> /home/ARO.local/michaelr/Projects/db_collab_github/ARD_DB_tools/pipeline_runs/dataset_9/data/samples/16s/sample407_AU310_R2.fastq.gz
/home/ARO.local/michaelr/Projects/db_collab_github/ARD_DB_tools/pipeline_runs/dataset_9/data/samples/16s/sample408_AU311_R1.fastq.gz
Linked /home/ARO.local/michaelr/Projects/db_collab_github/ARD_DB_tools/analysis_files/sample408_AU311_R1.fastq.gz -> /home/ARO.local/michaelr/Projects/db_collab_github/ARD_DB_tools/pipeline_runs/dataset_9/data/samples/16s/sample408_AU311_R1.fastq.gz
/home/ARO.local/michaelr/Projects/db_collab_github/ARD_DB_tools/pipeline_runs/dataset_9/data/samples/16s/sample408_AU311_R2.fastq.gz
Linked /home/ARO.local/michaelr/Projects/db_collab_github/ARD_DB_tools/analysis_files/sample408_AU311_R2.fastq.gz -> /home/ARO.local/michaelr/Projects/db_collab_github/ARD_DB_tools/pipeline_runs/dataset_9/data/samples/16s/sample408_AU311_R2.fastq.gz
/home/ARO.local/michaelr/Projects/db_collab_github/ARD_DB_tools/pipeline_runs/dataset_9/data/samples/16s/sample409_AU312_R1.fastq.gz
Linked /home/ARO.local/michaelr/Projects/db_collab_github/ARD_DB_tools/analysis_files/sample409_AU312_R1.fastq.gz -> /home/ARO.local/michaelr/Projects/db_collab_github/ARD_DB_tools/pipeline_runs/dataset_9/data/samples/16s/sample409_AU312_R1.fastq.gz
/home/ARO.local/michaelr/Projects/db_collab_github/ARD_DB_tools/pipeline_runs/dataset_9/data/samples/16s/sample409_AU312_R2.fastq.gz
Linked /home/ARO.local/michaelr/Projects/db_collab_github/ARD_DB_tools/analysis_files/sample409_AU312_R2.fastq.gz -> /home/ARO.local/michaelr/Projects/db_collab_github/ARD_DB_tools/pipeline_runs/dataset_9/data/samples/16s/sample409_AU312_R2.fastq.gz
/home/ARO.local/michaelr/Projects/db_collab_github/ARD_DB_tools/pipeline_runs/dataset_9/data/samples/16s/sample410_AU313_R1.fastq.gz
Linked /home/ARO.local/michaelr/Projects/db_collab_github/ARD_DB_tools/analysis_files/sample410_AU313_R1.fastq.gz -> /home/ARO.local/michaelr/Projects/db_collab_github/ARD_DB_tools/pipeline_runs/dataset_9/data/samples/16s/sample410_AU313_R1.fastq.gz
/home/ARO.local/michaelr/Projects/db_collab_github/ARD_DB_tools/pipeline_runs/dataset_9/data/samples/16s/sample410_AU313_R2.fastq.gz
Linked /home/ARO.local/michaelr/Projects/db_collab_github/ARD_DB_tools/analysis_files/sample410_AU313_R2.fastq.gz -> /home/ARO.local/michaelr/Projects/db_collab_github/ARD_DB_tools/pipeline_runs/dataset_9/data/samples/16s/sample410_AU313_R2.fastq.gz
/home/ARO.local/michaelr/Projects/db_collab_github/ARD_DB_tools/pipeline_runs/dataset_9/data/samples/16s/sample411_AU314_R1.fastq.gz
Linked /home/ARO.local/michaelr/Projects/db_collab_github/ARD_DB_tools/analysis_files/sample411_AU314_R1.fastq.gz -> /home/ARO.local/michaelr/Projects/db_collab_github/ARD_DB_tools/pipeline_runs/dataset_9/data/samples/16s/sample411_AU314_R1.fastq.gz
/home/ARO.local/michaelr/Projects/db_collab_github/ARD_DB_tools/pipeline_runs/dataset_9/data/samples/16s/sample411_AU314_R2.fastq.gz
Linked /home/ARO.local/michaelr/Projects/db_collab_github/ARD_DB_tools/analysis_files/sample411_AU314_R2.fastq.gz -> /home/ARO.local/michaelr/Projects/db_collab_github/ARD_DB_tools/pipeline_runs/dataset_9/data/samples/16s/sample411_AU314_R2.fastq.gz
/home/ARO.local/michaelr/Projects/db_collab_github/ARD_DB_tools/pipeline_runs/dataset_9/data/samples/16s/sample412_AU315_R1.fastq.gz
Linked /home/ARO.local/michaelr/Projects/db_collab_github/ARD_DB_tools/analysis_files/sample412_AU315_R1.fastq.gz -> /home/ARO.local/michaelr/Projects/db_collab_github/ARD_DB_tools/pipeline_runs/dataset_9/data/samples/16s/sample412_AU315_R1.fastq.gz
/home/ARO.local/michaelr/Projects/db_collab_github/ARD_DB_tools/pipeline_runs/dataset_9/data/samples/16s/sample412_AU315_R2.fastq.gz
Linked /home/ARO.local/michaelr/Projects/db_collab_github/ARD_DB_tools/analysis_files/sample412_AU315_R2.fastq.gz -> /home/ARO.local/michaelr/Projects/db_collab_github/ARD_DB_tools/pipeline_runs/dataset_9/data/samples/16s/sample412_AU315_R2.fastq.gz
/home/ARO.local/michaelr/Projects/db_collab_github/ARD_DB_tools/pipeline_runs/dataset_9/data/samples/16s/sample413_AU316_R1.fastq.gz
Linked /home/ARO.local/michaelr/Projects/db_collab_github/ARD_DB_tools/analysis_files/sample413_AU316_R1.fastq.gz -> /home/ARO.local/michaelr/Projects/db_collab_github/ARD_DB_tools/pipeline_runs/dataset_9/data/samples/16s/sample413_AU316_R1.fastq.gz
/home/ARO.local/michaelr/Projects/db_collab_github/ARD_DB_tools/pipeline_runs/dataset_9/data/samples/16s/sample413_AU316_R2.fastq.gz
Linked /home/ARO.local/michaelr/Projects/db_collab_github/ARD_DB_tools/analysis_files/sample413_AU316_R2.fastq.gz -> /home/ARO.local/michaelr/Projects/db_collab_github/ARD_DB_tools/pipeline_runs/dataset_9/data/samples/16s/sample413_AU316_R2.fastq.gz
/home/ARO.local/michaelr/Projects/db_collab_github/ARD_DB_tools/pipeline_runs/dataset_9/data/samples/16s/sample414_AU317_R1.fastq.gz
Linked /home/ARO.local/michaelr/Projects/db_collab_github/ARD_DB_tools/analysis_files/sample414_AU317_R1.fastq.gz -> /home/ARO.local/michaelr/Projects/db_collab_github/ARD_DB_tools/pipeline_runs/dataset_9/data/samples/16s/sample414_AU317_R1.fastq.gz
/home/ARO.local/michaelr/Projects/db_collab_github/ARD_DB_tools/pipeline_runs/dataset_9/data/samples/16s/sample414_AU317_R2.fastq.gz
Linked /home/ARO.local/michaelr/Projects/db_collab_github/ARD_DB_tools/analysis_files/sample414_AU317_R2.fastq.gz -> /home/ARO.local/michaelr/Projects/db_collab_github/ARD_DB_tools/pipeline_runs/dataset_9/data/samples/16s/sample414_AU317_R2.fastq.gz
/home/ARO.local/michaelr/Projects/db_collab_github/ARD_DB_tools/pipeline_runs/dataset_9/data/samples/16s/sample415_AU318_R1.fastq.gz
Linked /home/ARO.local/michaelr/Projects/db_collab_github/ARD_DB_tools/analysis_files/sample415_AU318_R1.fastq.gz -> /home/ARO.local/michaelr/Projects/db_collab_github/ARD_DB_tools/pipeline_runs/dataset_9/data/samples/16s/sample415_AU318_R1.fastq.gz
/home/ARO.local/michaelr/Projects/db_collab_github/ARD_DB_tools/pipeline_runs/dataset_9/data/samples/16s/sample415_AU318_R2.fastq.gz
Linked /home/ARO.local/michaelr/Projects/db_collab_github/ARD_DB_tools/analysis_files/sample415_AU318_R2.fastq.gz -> /home/ARO.local/michaelr/Projects/db_collab_github/ARD_DB_tools/pipeline_runs/dataset_9/data/samples/16s/sample415_AU318_R2.fastq.gz
/home/ARO.local/michaelr/Projects/db_collab_github/ARD_DB_tools/pipeline_runs/dataset_9/data/samples/16s/sample416_AU319_R1.fastq.gz
Linked /home/ARO.local/michaelr/Projects/db_collab_github/ARD_DB_tools/analysis_files/sample416_AU319_R1.fastq.gz -> /home/ARO.local/michaelr/Projects/db_collab_github/ARD_DB_tools/pipeline_runs/dataset_9/data/samples/16s/sample416_AU319_R1.fastq.gz
/home/ARO.local/michaelr/Projects/db_collab_github/ARD_DB_tools/pipeline_runs/dataset_9/data/samples/16s/sample416_AU319_R2.fastq.gz
Linked /home/ARO.local/michaelr/Projects/db_collab_github/ARD_DB_tools/analysis_files/sample416_AU319_R2.fastq.gz -> /home/ARO.local/michaelr/Projects/db_collab_github/ARD_DB_tools/pipeline_runs/dataset_9/data/samples/16s/sample416_AU319_R2.fastq.gz
/home/ARO.local/michaelr/Projects/db_collab_github/ARD_DB_tools/pipeline_runs/dataset_9/data/samples/16s/sample417_AU320_R1.fastq.gz
Linked /home/ARO.local/michaelr/Projects/db_collab_github/ARD_DB_tools/analysis_files/sample417_AU320_R1.fastq.gz -> /home/ARO.local/michaelr/Projects/db_collab_github/ARD_DB_tools/pipeline_runs/dataset_9/data/samples/16s/sample417_AU320_R1.fastq.gz
/home/ARO.local/michaelr/Projects/db_collab_github/ARD_DB_tools/pipeline_runs/dataset_9/data/samples/16s/sample417_AU320_R2.fastq.gz
Linked /home/ARO.local/michaelr/Projects/db_collab_github/ARD_DB_tools/analysis_files/sample417_AU320_R2.fastq.gz -> /home/ARO.local/michaelr/Projects/db_collab_github/ARD_DB_tools/pipeline_runs/dataset_9/data/samples/16s/sample417_AU320_R2.fastq.gz
/home/ARO.local/michaelr/Projects/db_collab_github/ARD_DB_tools/pipeline_runs/dataset_9/data/samples/16s/sample418_AU321_R1.fastq.gz
Linked /home/ARO.local/michaelr/Projects/db_collab_github/ARD_DB_tools/analysis_files/sample418_AU321_R1.fastq.gz -> /home/ARO.local/michaelr/Projects/db_collab_github/ARD_DB_tools/pipeline_runs/dataset_9/data/samples/16s/sample418_AU321_R1.fastq.gz
/home/ARO.local/michaelr/Projects/db_collab_github/ARD_DB_tools/pipeline_runs/dataset_9/data/samples/16s/sample418_AU321_R2.fastq.gz
Linked /home/ARO.local/michaelr/Projects/db_collab_github/ARD_DB_tools/analysis_files/sample418_AU321_R2.fastq.gz -> /home/ARO.local/michaelr/Projects/db_collab_github/ARD_DB_tools/pipeline_runs/dataset_9/data/samples/16s/sample418_AU321_R2.fastq.gz
/home/ARO.local/michaelr/Projects/db_collab_github/ARD_DB_tools/pipeline_runs/dataset_9/data/samples/16s/sample419_AU322_R1.fastq.gz
Linked /home/ARO.local/michaelr/Projects/db_collab_github/ARD_DB_tools/analysis_files/sample419_AU322_R1.fastq.gz -> /home/ARO.local/michaelr/Projects/db_collab_github/ARD_DB_tools/pipeline_runs/dataset_9/data/samples/16s/sample419_AU322_R1.fastq.gz
/home/ARO.local/michaelr/Projects/db_collab_github/ARD_DB_tools/pipeline_runs/dataset_9/data/samples/16s/sample419_AU322_R2.fastq.gz
Linked /home/ARO.local/michaelr/Projects/db_collab_github/ARD_DB_tools/analysis_files/sample419_AU322_R2.fastq.gz -> /home/ARO.local/michaelr/Projects/db_collab_github/ARD_DB_tools/pipeline_runs/dataset_9/data/samples/16s/sample419_AU322_R2.fastq.gz
/home/ARO.local/michaelr/Projects/db_collab_github/ARD_DB_tools/pipeline_runs/dataset_9/data/samples/16s/sample420_AU323_R1.fastq.gz
Linked /home/ARO.local/michaelr/Projects/db_collab_github/ARD_DB_tools/analysis_files/sample420_AU323_R1.fastq.gz -> /home/ARO.local/michaelr/Projects/db_collab_github/ARD_DB_tools/pipeline_runs/dataset_9/data/samples/16s/sample420_AU323_R1.fastq.gz
/home/ARO.local/michaelr/Projects/db_collab_github/ARD_DB_tools/pipeline_runs/dataset_9/data/samples/16s/sample420_AU323_R2.fastq.gz
Linked /home/ARO.local/michaelr/Projects/db_collab_github/ARD_DB_tools/analysis_files/sample420_AU323_R2.fastq.gz -> /home/ARO.local/michaelr/Projects/db_collab_github/ARD_DB_tools/pipeline_runs/dataset_9/data/samples/16s/sample420_AU323_R2.fastq.gz
/home/ARO.local/michaelr/Projects/db_collab_github/ARD_DB_tools/pipeline_runs/dataset_9/data/samples/16s/sample421_AU324_R1.fastq.gz
Linked /home/ARO.local/michaelr/Projects/db_collab_github/ARD_DB_tools/analysis_files/sample421_AU324_R1.fastq.gz -> /home/ARO.local/michaelr/Projects/db_collab_github/ARD_DB_tools/pipeline_runs/dataset_9/data/samples/16s/sample421_AU324_R1.fastq.gz
/home/ARO.local/michaelr/Projects/db_collab_github/ARD_DB_tools/pipeline_runs/dataset_9/data/samples/16s/sample421_AU324_R2.fastq.gz
Linked /home/ARO.local/michaelr/Projects/db_collab_github/ARD_DB_tools/analysis_files/sample421_AU324_R2.fastq.gz -> /home/ARO.local/michaelr/Projects/db_collab_github/ARD_DB_tools/pipeline_runs/dataset_9/data/samples/16s/sample421_AU324_R2.fastq.gz
dataset_id: 9
pipeline_name: dataset_9
Running: python scripts/python/1_dataset_to_analysis_files_simple_gzip_multi_threaded.py --dataset-id 9 --db ./final_ARD_projects_latest.db --fastq-dir ./raw_reads_projects/ --outdir ./analysis_files/
Running: python scripts/python/2_dataset_to_manifest_file.py --dataset-id 9 --db ./final_ARD_projects_latest.db --fastq-dir ./analysis_files/ --outdir-base ./analysis_datasets/
Running: python scripts/python/3_dataset_to_sample_metadata.py --dataset-id 9 --db ./final_ARD_projects_latest.db --outdir-base ./analysis_datasets/
Running: python scripts/python/4_dataset_to_amplicon_metadata.py --dataset-id 9 --db ./final_ARD_projects_latest.db --outdir-base ./analysis_datasets/
Running: python scripts/python/5_dataset_symlink_files.py --dataset-id 9 --db ./final_ARD_projects_latest.db --files-dir ./analysis_files/ --outdir-base ./analysis_datasets/
Running: python scripts/python/6_dataset_directory_to_pipeline_run_directory.py --dataset-id 9 --pipeline-name dataset_9 --dataset-dir-base ./analysis_datasets/ --pipeline-dir-base ./pipeline_runs/
? Pipeline completed
